
> server@1.0.0 test
> cross-env NODE_OPTIONS=--experimental-vm-modules jest --forceExit

node.exe : (node:7944) ExperimentalWarning: VM Modules is an experimental feature and might change at any time
At line:1 char:1
+ & "C:\Program Files\nodejs/node.exe" "C:\Users\Parteek Dhiman\AppData ...
+ ~~~~~~~~~~~~~~~~~~~~~~~~~~~~~~~~~~~~~~~~~~~~~~~~~~~~~~~~~~~~~~~~~~~~~
    + CategoryInfo          : NotSpecified: ((node:7944) Exp...nge at any time:String) [], RemoteException
    + FullyQualifiedErrorId : NativeCommandError
 
(Use `node --trace-warnings ...` to show where the warning was created)
(node:3932) ExperimentalWarning: VM Modules is an experimental feature and might change at any time
(Use `node --trace-warnings ...` to show where the warning was created)
PASS src/tests/health.test.js (8.182 s)
  ΓùÅ Console

    console.log
      Γùç injected env (10) from .env // tip: Γîÿ enable debugging { debug: true }

      at _log (node_modules/dotenv/lib/main.js:131:11)

    console.log
      Γùç injected env (0) from .env // tip: Γîÿ multiple files { path: ['.env.local', '.env'] }

      at _log (node_modules/dotenv/lib/main.js:131:11)

    console.log
      Γùç injected env (0) from .env // tip: Γùê secrets for agents [www.dotenvx.com]

      at _log (node_modules/dotenv/lib/main.js:131:11)

    console.log
      Γùç injected env (0) from .env // tip: Γîÿ multiple files { path: ['.env.local', '.env'] }

      at _log (node_modules/dotenv/lib/main.js:131:11)

    console.error
      express-rate-limit: async error during store initialization. Error: Redis not ready
          at RedisStore.sendCommand (C:\Users\Parteek 
Dhiman\Desktop\Lumora\server\src\features\auth\auth.routes.js:16:55)
          at RedisStore.sendCommand (C:\Users\Parteek 
Dhiman\Desktop\Lumora\server\node_modules\rate-limit-redis\dist\index.mjs:81:49)
          at RedisStore.loadIncrementScript (C:\Users\Parteek 
Dhiman\Desktop\Lumora\server\node_modules\rate-limit-redis\dist\index.mjs:96:31)
          at RedisStore.init (C:\Users\Parteek 
Dhiman\Desktop\Lumora\server\node_modules\rate-limit-redis\dist\index.mjs:162:36)
          at rateLimit (C:\Users\Parteek 
Dhiman\Desktop\Lumora\server\node_modules\express-rate-limit\dist\index.mjs:837:38)
          at rateLimit (C:\Users\Parteek Dhiman\Desktop\Lumora\server\src\features\auth\auth.routes.js:9:21)
          at SourceTextModule.evaluate (node:internal/vm/module:233:26)
          at EsmLoader.tryLoadGraphSync (C:\Users\Parteek 
Dhiman\Desktop\Lumora\server\node_modules\jest-runtime\build\index.js:745:16)
          at EsmLoader.loadEsmModule (C:\Users\Parteek 
Dhiman\Desktop\Lumora\server\node_modules\jest-runtime\build\index.js:1014:27)
          at EsmLoader.loadAndEvaluate (C:\Users\Parteek 
Dhiman\Desktop\Lumora\server\node_modules\jest-runtime\build\index.js:1003:31)
          at processTicksAndRejections (node:internal/process/task_queues:104:5)

      at Object.error (node_modules/express-rate-limit/dist/index.mjs:181:13)
      at node_modules/express-rate-limit/dist/index.mjs:840:36

    console.error
      express-rate-limit: async error during store initialization. Error: Redis not ready
          at RedisStore.sendCommand (C:\Users\Parteek 
Dhiman\Desktop\Lumora\server\src\features\auth\auth.routes.js:31:55)
          at RedisStore.sendCommand (C:\Users\Parteek 
Dhiman\Desktop\Lumora\server\node_modules\rate-limit-redis\dist\index.mjs:81:49)
          at RedisStore.loadIncrementScript (C:\Users\Parteek 
Dhiman\Desktop\Lumora\server\node_modules\rate-limit-redis\dist\index.mjs:96:31)
          at RedisStore.init (C:\Users\Parteek 
Dhiman\Desktop\Lumora\server\node_modules\rate-limit-redis\dist\index.mjs:162:36)
          at rateLimit (C:\Users\Parteek 
Dhiman\Desktop\Lumora\server\node_modules\express-rate-limit\dist\index.mjs:837:38)
          at rateLimit (C:\Users\Parteek Dhiman\Desktop\Lumora\server\src\features\auth\auth.routes.js:24:30)
          at SourceTextModule.evaluate (node:internal/vm/module:233:26)
          at EsmLoader.tryLoadGraphSync (C:\Users\Parteek 
Dhiman\Desktop\Lumora\server\node_modules\jest-runtime\build\index.js:745:16)
          at EsmLoader.loadEsmModule (C:\Users\Parteek 
Dhiman\Desktop\Lumora\server\node_modules\jest-runtime\build\index.js:1014:27)
          at EsmLoader.loadAndEvaluate (C:\Users\Parteek 
Dhiman\Desktop\Lumora\server\node_modules\jest-runtime\build\index.js:1003:31)
          at processTicksAndRejections (node:internal/process/task_queues:104:5)

      at Object.error (node_modules/express-rate-limit/dist/index.mjs:181:13)
      at node_modules/express-rate-limit/dist/index.mjs:840:36

    console.error
      express-rate-limit: async error during store initialization. Error: Redis not ready
          at RedisStore.sendCommand (C:\Users\Parteek Dhiman\Desktop\Lumora\server\src\app.js:33:55)
          at RedisStore.sendCommand (C:\Users\Parteek 
Dhiman\Desktop\Lumora\server\node_modules\rate-limit-redis\dist\index.mjs:81:49)
          at RedisStore.loadIncrementScript (C:\Users\Parteek 
Dhiman\Desktop\Lumora\server\node_modules\rate-limit-redis\dist\index.mjs:96:31)
          at RedisStore.init (C:\Users\Parteek 
Dhiman\Desktop\Lumora\server\node_modules\rate-limit-redis\dist\index.mjs:162:36)
          at rateLimit (C:\Users\Parteek 
Dhiman\Desktop\Lumora\server\node_modules\express-rate-limit\dist\index.mjs:837:38)
          at rateLimit (C:\Users\Parteek Dhiman\Desktop\Lumora\server\src\app.js:26:17)
          at SourceTextModule.evaluate (node:internal/vm/module:233:26)
          at EsmLoader.tryLoadGraphSync (C:\Users\Parteek 
Dhiman\Desktop\Lumora\server\node_modules\jest-runtime\build\index.js:745:16)
          at EsmLoader.loadEsmModule (C:\Users\Parteek 
Dhiman\Desktop\Lumora\server\node_modules\jest-runtime\build\index.js:1014:27)
          at EsmLoader.loadAndEvaluate (C:\Users\Parteek 
Dhiman\Desktop\Lumora\server\node_modules\jest-runtime\build\index.js:1003:31)
          at processTicksAndRejections (node:internal/process/task_queues:104:5)

      at Object.error (node_modules/express-rate-limit/dist/index.mjs:181:13)
      at node_modules/express-rate-limit/dist/index.mjs:840:36

    console.error
      express-rate-limit: error from store, allowing request without rate-limiting. Error: Redis not ready
          at RedisStore.sendCommand (C:\Users\Parteek Dhiman\Desktop\Lumora\server\src\app.js:33:55)
          at RedisStore.sendCommand (C:\Users\Parteek 
Dhiman\Desktop\Lumora\server\node_modules\rate-limit-redis\dist\index.mjs:81:49)
          at RedisStore.loadIncrementScript (C:\Users\Parteek 
Dhiman\Desktop\Lumora\server\node_modules\rate-limit-redis\dist\index.mjs:96:31)
          at RedisStore.retryableIncrement (C:\Users\Parteek 
Dhiman\Desktop\Lumora\server\node_modules\rate-limit-redis\dist\index.mjs:141:38)
          at processTicksAndRejections (node:internal/process/task_queues:104:5)
          at RedisStore.increment (C:\Users\Parteek 
Dhiman\Desktop\Lumora\server\node_modules\rate-limit-redis\dist\index.mjs:197:21)
          at C:\Users\Parteek Dhiman\Desktop\Lumora\server\node_modules\express-rate-limit\dist\index.mjs:868:33
          at C:\Users\Parteek Dhiman\Desktop\Lumora\server\node_modules\express-rate-limit\dist\index.mjs:825:5

      at Object.error (node_modules/express-rate-limit/dist/index.mjs:181:13)
      at node_modules/express-rate-limit/dist/index.mjs:873:25
      at node_modules/express-rate-limit/dist/index.mjs:825:5


  ΓùÅ  Cannot log after tests are done. Did you forget to wait for something async in your test?
    Attempted to log "Max retries reached. Running without cache.".

    [0m [90m  6 |[39m   url[33m:[39m redisUrl[33m,[39m
     [90m  7 |[39m   socket[33m:[39m {
    [31m[1m>[22m[39m[90m  8 |[39m     reconnectStrategy[33m:[39m (retries) [33m=>[39m {
     [90m    |[39m                 [31m[1m^[22m[39m
     [90m  9 |[39m       [36mif[39m (retries [33m>[39m [35m3[39m) {
     [90m 10 |[39m         console[33m.[39mwarn([32m'Max retries reached. Running without cache.'[39m)[33m;[39m
     [90m 11 |[39m         [36mreturn[39m [36mnew[39m [33mError[39m([32m'Max retries 
reached'[39m)[33m;[39m[0m

      at console.warn (node_modules/@jest/console/build/index.js:173:10)
      at reconnectStrategy (src/shared/services/redis.service.js:8:17)
      at RedisSocket.<anonymous> (node_modules/@redis/client/lib/client/socket.ts:123:27)
      at RedisSocket.#shouldReconnect (node_modules/@redis/client/lib/client/socket.ts:209:44)
      at RedisSocket.#connect (node_modules/@redis/client/lib/client/socket.ts:278:46)
      at Class.connect (node_modules/@redis/client/lib/client/index.ts:1110:5)
      at connectRedis (src/shared/services/redis.service.js:28:5)


  ΓùÅ  Cannot log after tests are done. Did you forget to wait for something async in your test?
    Attempted to log "Initial Redis connection failed.".

    [0m [90m 28 |[39m   redisClient[33m.[39mon([32m'ready'[39m[33m,[39m () [33m=>[39m {
     [90m 29 |[39m     console[33m.[39mlog([32m'Redis connected successfully'[39m)[33m;[39m
    [31m[1m>[22m[39m[90m 30 |[39m     isConnected [33m=[39m [36mtrue[39m[33m;[39m
     [90m    |[39m             [31m[1m^[22m[39m
     [90m 31 |[39m   })[33m;[39m
     [90m 32 |[39m
     [90m 33 |[39m   [36mtry[39m {[0m

      at console.warn (node_modules/@jest/console/build/index.js:173:10)
      at connectRedis (src/shared/services/redis.service.js:30:13)

FAIL src/tests/api.test.js (9.117 s)
  ΓùÅ Console

    console.log
      Γùç injected env (10) from .env // tip: Γîü auth for agents [www.vestauth.com]

      at _log (node_modules/dotenv/lib/main.js:131:11)

    console.log
      Γùç injected env (0) from .env // tip: Γîÿ override existing { override: true }

      at _log (node_modules/dotenv/lib/main.js:131:11)

    console.log
      Γùç injected env (0) from .env // tip: Γùê secrets for agents [www.dotenvx.com]

      at _log (node_modules/dotenv/lib/main.js:131:11)

    console.log
      Γùç injected env (0) from .env // tip: Γùê encrypted .env [www.dotenvx.com]

      at _log (node_modules/dotenv/lib/main.js:131:11)

    console.error
      express-rate-limit: async error during store initialization. Error: Redis not ready
          at RedisStore.sendCommand (C:\Users\Parteek 
Dhiman\Desktop\Lumora\server\src\features\auth\auth.routes.js:16:55)
          at RedisStore.sendCommand (C:\Users\Parteek 
Dhiman\Desktop\Lumora\server\node_modules\rate-limit-redis\dist\index.mjs:81:49)
          at RedisStore.loadIncrementScript (C:\Users\Parteek 
Dhiman\Desktop\Lumora\server\node_modules\rate-limit-redis\dist\index.mjs:96:31)
          at RedisStore.init (C:\Users\Parteek 
Dhiman\Desktop\Lumora\server\node_modules\rate-limit-redis\dist\index.mjs:162:36)
          at rateLimit (C:\Users\Parteek 
Dhiman\Desktop\Lumora\server\node_modules\express-rate-limit\dist\index.mjs:837:38)
          at rateLimit (C:\Users\Parteek Dhiman\Desktop\Lumora\server\src\features\auth\auth.routes.js:9:21)
          at SourceTextModule.evaluate (node:internal/vm/module:233:26)
          at EsmLoader.tryLoadGraphSync (C:\Users\Parteek 
Dhiman\Desktop\Lumora\server\node_modules\jest-runtime\build\index.js:745:16)
          at EsmLoader.loadEsmModule (C:\Users\Parteek 
Dhiman\Desktop\Lumora\server\node_modules\jest-runtime\build\index.js:1014:27)
          at EsmLoader.loadAndEvaluate (C:\Users\Parteek 
Dhiman\Desktop\Lumora\server\node_modules\jest-runtime\build\index.js:1003:31)
          at processTicksAndRejections (node:internal/process/task_queues:104:5)

      at Object.error (node_modules/express-rate-limit/dist/index.mjs:181:13)
      at node_modules/express-rate-limit/dist/index.mjs:840:36

    console.error
      express-rate-limit: async error during store initialization. Error: Redis not ready
          at RedisStore.sendCommand (C:\Users\Parteek 
Dhiman\Desktop\Lumora\server\src\features\auth\auth.routes.js:31:55)
          at RedisStore.sendCommand (C:\Users\Parteek 
Dhiman\Desktop\Lumora\server\node_modules\rate-limit-redis\dist\index.mjs:81:49)
          at RedisStore.loadIncrementScript (C:\Users\Parteek 
Dhiman\Desktop\Lumora\server\node_modules\rate-limit-redis\dist\index.mjs:96:31)
          at RedisStore.init (C:\Users\Parteek 
Dhiman\Desktop\Lumora\server\node_modules\rate-limit-redis\dist\index.mjs:162:36)
          at rateLimit (C:\Users\Parteek 
Dhiman\Desktop\Lumora\server\node_modules\express-rate-limit\dist\index.mjs:837:38)
          at rateLimit (C:\Users\Parteek Dhiman\Desktop\Lumora\server\src\features\auth\auth.routes.js:24:30)
          at SourceTextModule.evaluate (node:internal/vm/module:233:26)
          at EsmLoader.tryLoadGraphSync (C:\Users\Parteek 
Dhiman\Desktop\Lumora\server\node_modules\jest-runtime\build\index.js:745:16)
          at EsmLoader.loadEsmModule (C:\Users\Parteek 
Dhiman\Desktop\Lumora\server\node_modules\jest-runtime\build\index.js:1014:27)
          at EsmLoader.loadAndEvaluate (C:\Users\Parteek 
Dhiman\Desktop\Lumora\server\node_modules\jest-runtime\build\index.js:1003:31)
          at processTicksAndRejections (node:internal/process/task_queues:104:5)

      at Object.error (node_modules/express-rate-limit/dist/index.mjs:181:13)
      at node_modules/express-rate-limit/dist/index.mjs:840:36

    console.error
      express-rate-limit: async error during store initialization. Error: Redis not ready
          at RedisStore.sendCommand (C:\Users\Parteek Dhiman\Desktop\Lumora\server\src\app.js:33:55)
          at RedisStore.sendCommand (C:\Users\Parteek 
Dhiman\Desktop\Lumora\server\node_modules\rate-limit-redis\dist\index.mjs:81:49)
          at RedisStore.loadIncrementScript (C:\Users\Parteek 
Dhiman\Desktop\Lumora\server\node_modules\rate-limit-redis\dist\index.mjs:96:31)
          at RedisStore.init (C:\Users\Parteek 
Dhiman\Desktop\Lumora\server\node_modules\rate-limit-redis\dist\index.mjs:162:36)
          at rateLimit (C:\Users\Parteek 
Dhiman\Desktop\Lumora\server\node_modules\express-rate-limit\dist\index.mjs:837:38)
          at rateLimit (C:\Users\Parteek Dhiman\Desktop\Lumora\server\src\app.js:26:17)
          at SourceTextModule.evaluate (node:internal/vm/module:233:26)
          at EsmLoader.tryLoadGraphSync (C:\Users\Parteek 
Dhiman\Desktop\Lumora\server\node_modules\jest-runtime\build\index.js:745:16)
          at EsmLoader.loadEsmModule (C:\Users\Parteek 
Dhiman\Desktop\Lumora\server\node_modules\jest-runtime\build\index.js:1014:27)
          at EsmLoader.loadAndEvaluate (C:\Users\Parteek 
Dhiman\Desktop\Lumora\server\node_modules\jest-runtime\build\index.js:1003:31)
          at processTicksAndRejections (node:internal/process/task_queues:104:5)

      at Object.error (node_modules/express-rate-limit/dist/index.mjs:181:13)
      at node_modules/express-rate-limit/dist/index.mjs:840:36

    console.log
      MongoDB Connected: 127.0.0.1

      at log (src/config/db.js:6:13)

    console.error
      express-rate-limit: error from store, allowing request without rate-limiting. Error: Redis not ready
          at RedisStore.sendCommand (C:\Users\Parteek Dhiman\Desktop\Lumora\server\src\app.js:33:55)
          at RedisStore.sendCommand (C:\Users\Parteek 
Dhiman\Desktop\Lumora\server\node_modules\rate-limit-redis\dist\index.mjs:81:49)
          at RedisStore.loadIncrementScript (C:\Users\Parteek 
Dhiman\Desktop\Lumora\server\node_modules\rate-limit-redis\dist\index.mjs:96:31)
          at RedisStore.retryableIncrement (C:\Users\Parteek 
Dhiman\Desktop\Lumora\server\node_modules\rate-limit-redis\dist\index.mjs:141:38)
          at processTicksAndRejections (node:internal/process/task_queues:104:5)
          at RedisStore.increment (C:\Users\Parteek 
Dhiman\Desktop\Lumora\server\node_modules\rate-limit-redis\dist\index.mjs:197:21)
          at C:\Users\Parteek Dhiman\Desktop\Lumora\server\node_modules\express-rate-limit\dist\index.mjs:868:33
          at C:\Users\Parteek Dhiman\Desktop\Lumora\server\node_modules\express-rate-limit\dist\index.mjs:825:5

      at Object.error (node_modules/express-rate-limit/dist/index.mjs:181:13)
      at node_modules/express-rate-limit/dist/index.mjs:873:25
      at node_modules/express-rate-limit/dist/index.mjs:825:5

    console.error
      express-rate-limit: error from store, allowing request without rate-limiting. Error: Redis not ready
          at RedisStore.sendCommand (C:\Users\Parteek 
Dhiman\Desktop\Lumora\server\src\features\auth\auth.routes.js:16:55)
          at RedisStore.sendCommand (C:\Users\Parteek 
Dhiman\Desktop\Lumora\server\node_modules\rate-limit-redis\dist\index.mjs:81:49)
          at RedisStore.loadIncrementScript (C:\Users\Parteek 
Dhiman\Desktop\Lumora\server\node_modules\rate-limit-redis\dist\index.mjs:96:31)
          at RedisStore.retryableIncrement (C:\Users\Parteek 
Dhiman\Desktop\Lumora\server\node_modules\rate-limit-redis\dist\index.mjs:141:38)
          at processTicksAndRejections (node:internal/process/task_queues:104:5)
          at RedisStore.increment (C:\Users\Parteek 
Dhiman\Desktop\Lumora\server\node_modules\rate-limit-redis\dist\index.mjs:197:21)
          at C:\Users\Parteek Dhiman\Desktop\Lumora\server\node_modules\express-rate-limit\dist\index.mjs:868:33
          at C:\Users\Parteek Dhiman\Desktop\Lumora\server\node_modules\express-rate-limit\dist\index.mjs:825:5

      at Object.error (node_modules/express-rate-limit/dist/index.mjs:181:13)
      at node_modules/express-rate-limit/dist/index.mjs:873:25
      at node_modules/express-rate-limit/dist/index.mjs:825:5

    console.error
      express-rate-limit: error from store, allowing request without rate-limiting. Error: Redis not ready
          at RedisStore.sendCommand (C:\Users\Parteek Dhiman\Desktop\Lumora\server\src\app.js:33:55)
          at RedisStore.sendCommand (C:\Users\Parteek 
Dhiman\Desktop\Lumora\server\node_modules\rate-limit-redis\dist\index.mjs:81:49)
          at RedisStore.loadIncrementScript (C:\Users\Parteek 
Dhiman\Desktop\Lumora\server\node_modules\rate-limit-redis\dist\index.mjs:96:31)
          at RedisStore.retryableIncrement (C:\Users\Parteek 
Dhiman\Desktop\Lumora\server\node_modules\rate-limit-redis\dist\index.mjs:141:38)
          at processTicksAndRejections (node:internal/process/task_queues:104:5)
          at RedisStore.increment (C:\Users\Parteek 
Dhiman\Desktop\Lumora\server\node_modules\rate-limit-redis\dist\index.mjs:197:21)
          at C:\Users\Parteek Dhiman\Desktop\Lumora\server\node_modules\express-rate-limit\dist\index.mjs:868:33
          at C:\Users\Parteek Dhiman\Desktop\Lumora\server\node_modules\express-rate-limit\dist\index.mjs:825:5

      at Object.error (node_modules/express-rate-limit/dist/index.mjs:181:13)
      at node_modules/express-rate-limit/dist/index.mjs:873:25
      at node_modules/express-rate-limit/dist/index.mjs:825:5

    console.error
      express-rate-limit: error from store, allowing request without rate-limiting. Error: Redis not ready
          at RedisStore.sendCommand (C:\Users\Parteek 
Dhiman\Desktop\Lumora\server\src\features\auth\auth.routes.js:16:55)
          at RedisStore.sendCommand (C:\Users\Parteek 
Dhiman\Desktop\Lumora\server\node_modules\rate-limit-redis\dist\index.mjs:81:49)
          at RedisStore.loadIncrementScript (C:\Users\Parteek 
Dhiman\Desktop\Lumora\server\node_modules\rate-limit-redis\dist\index.mjs:96:31)
          at RedisStore.retryableIncrement (C:\Users\Parteek 
Dhiman\Desktop\Lumora\server\node_modules\rate-limit-redis\dist\index.mjs:141:38)
          at processTicksAndRejections (node:internal/process/task_queues:104:5)
          at RedisStore.increment (C:\Users\Parteek 
Dhiman\Desktop\Lumora\server\node_modules\rate-limit-redis\dist\index.mjs:197:21)
          at C:\Users\Parteek Dhiman\Desktop\Lumora\server\node_modules\express-rate-limit\dist\index.mjs:868:33
          at C:\Users\Parteek Dhiman\Desktop\Lumora\server\node_modules\express-rate-limit\dist\index.mjs:825:5

      at Object.error (node_modules/express-rate-limit/dist/index.mjs:181:13)
      at node_modules/express-rate-limit/dist/index.mjs:873:25
      at node_modules/express-rate-limit/dist/index.mjs:825:5

    console.error
      express-rate-limit: error from store, allowing request without rate-limiting. Error: Redis not ready
          at RedisStore.sendCommand (C:\Users\Parteek Dhiman\Desktop\Lumora\server\src\app.js:33:55)
          at RedisStore.sendCommand (C:\Users\Parteek 
Dhiman\Desktop\Lumora\server\node_modules\rate-limit-redis\dist\index.mjs:81:49)
          at RedisStore.loadIncrementScript (C:\Users\Parteek 
Dhiman\Desktop\Lumora\server\node_modules\rate-limit-redis\dist\index.mjs:96:31)
          at RedisStore.retryableIncrement (C:\Users\Parteek 
Dhiman\Desktop\Lumora\server\node_modules\rate-limit-redis\dist\index.mjs:141:38)
          at processTicksAndRejections (node:internal/process/task_queues:104:5)
          at RedisStore.increment (C:\Users\Parteek 
Dhiman\Desktop\Lumora\server\node_modules\rate-limit-redis\dist\index.mjs:197:21)
          at C:\Users\Parteek Dhiman\Desktop\Lumora\server\node_modules\express-rate-limit\dist\index.mjs:868:33
          at C:\Users\Parteek Dhiman\Desktop\Lumora\server\node_modules\express-rate-limit\dist\index.mjs:825:5

      at Object.error (node_modules/express-rate-limit/dist/index.mjs:181:13)
      at node_modules/express-rate-limit/dist/index.mjs:873:25
      at node_modules/express-rate-limit/dist/index.mjs:825:5

    console.error
      express-rate-limit: error from store, allowing request without rate-limiting. Error: Redis not ready
          at RedisStore.sendCommand (C:\Users\Parteek 
Dhiman\Desktop\Lumora\server\src\features\auth\auth.routes.js:16:55)
          at RedisStore.sendCommand (C:\Users\Parteek 
Dhiman\Desktop\Lumora\server\node_modules\rate-limit-redis\dist\index.mjs:81:49)
          at RedisStore.loadIncrementScript (C:\Users\Parteek 
Dhiman\Desktop\Lumora\server\node_modules\rate-limit-redis\dist\index.mjs:96:31)
          at RedisStore.retryableIncrement (C:\Users\Parteek 
Dhiman\Desktop\Lumora\server\node_modules\rate-limit-redis\dist\index.mjs:141:38)
          at processTicksAndRejections (node:internal/process/task_queues:104:5)
          at RedisStore.increment (C:\Users\Parteek 
Dhiman\Desktop\Lumora\server\node_modules\rate-limit-redis\dist\index.mjs:197:21)
          at C:\Users\Parteek Dhiman\Desktop\Lumora\server\node_modules\express-rate-limit\dist\index.mjs:868:33
          at C:\Users\Parteek Dhiman\Desktop\Lumora\server\node_modules\express-rate-limit\dist\index.mjs:825:5

      at Object.error (node_modules/express-rate-limit/dist/index.mjs:181:13)
      at node_modules/express-rate-limit/dist/index.mjs:873:25
      at node_modules/express-rate-limit/dist/index.mjs:825:5

    console.error
      express-rate-limit: error from store, allowing request without rate-limiting. Error: Redis not ready
          at RedisStore.sendCommand (C:\Users\Parteek Dhiman\Desktop\Lumora\server\src\app.js:33:55)
          at RedisStore.sendCommand (C:\Users\Parteek 
Dhiman\Desktop\Lumora\server\node_modules\rate-limit-redis\dist\index.mjs:81:49)
          at RedisStore.loadIncrementScript (C:\Users\Parteek 
Dhiman\Desktop\Lumora\server\node_modules\rate-limit-redis\dist\index.mjs:96:31)
          at RedisStore.retryableIncrement (C:\Users\Parteek 
Dhiman\Desktop\Lumora\server\node_modules\rate-limit-redis\dist\index.mjs:141:38)
          at processTicksAndRejections (node:internal/process/task_queues:104:5)
          at RedisStore.increment (C:\Users\Parteek 
Dhiman\Desktop\Lumora\server\node_modules\rate-limit-redis\dist\index.mjs:197:21)
          at C:\Users\Parteek Dhiman\Desktop\Lumora\server\node_modules\express-rate-limit\dist\index.mjs:868:33
          at C:\Users\Parteek Dhiman\Desktop\Lumora\server\node_modules\express-rate-limit\dist\index.mjs:825:5

      at Object.error (node_modules/express-rate-limit/dist/index.mjs:181:13)
      at node_modules/express-rate-limit/dist/index.mjs:873:25
      at node_modules/express-rate-limit/dist/index.mjs:825:5

    console.error
      express-rate-limit: error from store, allowing request without rate-limiting. Error: Redis not ready
          at RedisStore.sendCommand (C:\Users\Parteek 
Dhiman\Desktop\Lumora\server\src\features\auth\auth.routes.js:16:55)
          at RedisStore.sendCommand (C:\Users\Parteek 
Dhiman\Desktop\Lumora\server\node_modules\rate-limit-redis\dist\index.mjs:81:49)
          at RedisStore.loadIncrementScript (C:\Users\Parteek 
Dhiman\Desktop\Lumora\server\node_modules\rate-limit-redis\dist\index.mjs:96:31)
          at RedisStore.retryableIncrement (C:\Users\Parteek 
Dhiman\Desktop\Lumora\server\node_modules\rate-limit-redis\dist\index.mjs:141:38)
          at processTicksAndRejections (node:internal/process/task_queues:104:5)
          at RedisStore.increment (C:\Users\Parteek 
Dhiman\Desktop\Lumora\server\node_modules\rate-limit-redis\dist\index.mjs:197:21)
          at C:\Users\Parteek Dhiman\Desktop\Lumora\server\node_modules\express-rate-limit\dist\index.mjs:868:33
          at C:\Users\Parteek Dhiman\Desktop\Lumora\server\node_modules\express-rate-limit\dist\index.mjs:825:5

      at Object.error (node_modules/express-rate-limit/dist/index.mjs:181:13)
      at node_modules/express-rate-limit/dist/index.mjs:873:25
      at node_modules/express-rate-limit/dist/index.mjs:825:5

    console.error
      express-rate-limit: error from store, allowing request without rate-limiting. Error: Redis not ready
          at RedisStore.sendCommand (C:\Users\Parteek Dhiman\Desktop\Lumora\server\src\app.js:33:55)
          at RedisStore.sendCommand (C:\Users\Parteek 
Dhiman\Desktop\Lumora\server\node_modules\rate-limit-redis\dist\index.mjs:81:49)
          at RedisStore.loadIncrementScript (C:\Users\Parteek 
Dhiman\Desktop\Lumora\server\node_modules\rate-limit-redis\dist\index.mjs:96:31)
          at RedisStore.retryableIncrement (C:\Users\Parteek 
Dhiman\Desktop\Lumora\server\node_modules\rate-limit-redis\dist\index.mjs:141:38)
          at processTicksAndRejections (node:internal/process/task_queues:104:5)
          at RedisStore.increment (C:\Users\Parteek 
Dhiman\Desktop\Lumora\server\node_modules\rate-limit-redis\dist\index.mjs:197:21)
          at C:\Users\Parteek Dhiman\Desktop\Lumora\server\node_modules\express-rate-limit\dist\index.mjs:868:33
          at C:\Users\Parteek Dhiman\Desktop\Lumora\server\node_modules\express-rate-limit\dist\index.mjs:825:5

      at Object.error (node_modules/express-rate-limit/dist/index.mjs:181:13)
      at node_modules/express-rate-limit/dist/index.mjs:873:25
      at node_modules/express-rate-limit/dist/index.mjs:825:5

    console.error
      express-rate-limit: error from store, allowing request without rate-limiting. Error: Redis not ready
          at RedisStore.sendCommand (C:\Users\Parteek Dhiman\Desktop\Lumora\server\src\app.js:33:55)
          at RedisStore.sendCommand (C:\Users\Parteek 
Dhiman\Desktop\Lumora\server\node_modules\rate-limit-redis\dist\index.mjs:81:49)
          at RedisStore.loadIncrementScript (C:\Users\Parteek 
Dhiman\Desktop\Lumora\server\node_modules\rate-limit-redis\dist\index.mjs:96:31)
          at RedisStore.retryableIncrement (C:\Users\Parteek 
Dhiman\Desktop\Lumora\server\node_modules\rate-limit-redis\dist\index.mjs:141:38)
          at processTicksAndRejections (node:internal/process/task_queues:104:5)
          at RedisStore.increment (C:\Users\Parteek 
Dhiman\Desktop\Lumora\server\node_modules\rate-limit-redis\dist\index.mjs:197:21)
          at C:\Users\Parteek Dhiman\Desktop\Lumora\server\node_modules\express-rate-limit\dist\index.mjs:868:33
          at C:\Users\Parteek Dhiman\Desktop\Lumora\server\node_modules\express-rate-limit\dist\index.mjs:825:5

      at Object.error (node_modules/express-rate-limit/dist/index.mjs:181:13)
      at node_modules/express-rate-limit/dist/index.mjs:873:25
      at node_modules/express-rate-limit/dist/index.mjs:825:5

    console.error
      express-rate-limit: error from store, allowing request without rate-limiting. Error: Redis not ready
          at RedisStore.sendCommand (C:\Users\Parteek Dhiman\Desktop\Lumora\server\src\app.js:33:55)
          at RedisStore.sendCommand (C:\Users\Parteek 
Dhiman\Desktop\Lumora\server\node_modules\rate-limit-redis\dist\index.mjs:81:49)
          at RedisStore.loadIncrementScript (C:\Users\Parteek 
Dhiman\Desktop\Lumora\server\node_modules\rate-limit-redis\dist\index.mjs:96:31)
          at RedisStore.retryableIncrement (C:\Users\Parteek 
Dhiman\Desktop\Lumora\server\node_modules\rate-limit-redis\dist\index.mjs:141:38)
          at processTicksAndRejections (node:internal/process/task_queues:104:5)
          at RedisStore.increment (C:\Users\Parteek 
Dhiman\Desktop\Lumora\server\node_modules\rate-limit-redis\dist\index.mjs:197:21)
          at C:\Users\Parteek Dhiman\Desktop\Lumora\server\node_modules\express-rate-limit\dist\index.mjs:868:33
          at C:\Users\Parteek Dhiman\Desktop\Lumora\server\node_modules\express-rate-limit\dist\index.mjs:825:5

      at Object.error (node_modules/express-rate-limit/dist/index.mjs:181:13)
      at node_modules/express-rate-limit/dist/index.mjs:873:25
      at node_modules/express-rate-limit/dist/index.mjs:825:5

    console.error
      [ERROR] POST /api/applications/apply >> Cast to ObjectId failed for value "" (type string) at path "_id" for 
model "Job"

    [0m [90m  8 |[39m   } [36melse[39m {
     [90m  9 |[39m     [90m// Basic log for production monitoring, no stack trace[39m
    [31m[1m>[22m[39m[90m 10 |[39m     console[33m.[39merror([32m`[ERROR] ${req.method} ${req.originalUrl} >> 
${message}`[39m)[33m;[39m
     [90m    |[39m             [31m[1m^[22m[39m
     [90m 11 |[39m   }
     [90m 12 |[39m
     [90m 13 |[39m   [90m// Handle specific known errors (like CastError or JWT error) safely[39m[0m

      at error (src/shared/middleware/error.middleware.js:10:13)
      at Layer.handleError (node_modules/router/lib/layer.js:116:17)
      at trimPrefix (node_modules/router/index.js:340:13)
      at node_modules/router/index.js:297:9
      at processParams (node_modules/router/index.js:582:12)
      at next (node_modules/router/index.js:291:5)
      at node_modules/router/index.js:688:15
      at next (node_modules/router/index.js:276:14)
      at node_modules/router/index.js:688:15
      at next (node_modules/router/index.js:276:14)
      at next (node_modules/router/lib/route.js:132:14)

    console.error
      express-rate-limit: error from store, allowing request without rate-limiting. Error: Redis not ready
          at RedisStore.sendCommand (C:\Users\Parteek Dhiman\Desktop\Lumora\server\src\app.js:33:55)
          at RedisStore.sendCommand (C:\Users\Parteek 
Dhiman\Desktop\Lumora\server\node_modules\rate-limit-redis\dist\index.mjs:81:49)
          at RedisStore.loadIncrementScript (C:\Users\Parteek 
Dhiman\Desktop\Lumora\server\node_modules\rate-limit-redis\dist\index.mjs:96:31)
          at RedisStore.retryableIncrement (C:\Users\Parteek 
Dhiman\Desktop\Lumora\server\node_modules\rate-limit-redis\dist\index.mjs:141:38)
          at processTicksAndRejections (node:internal/process/task_queues:104:5)
          at RedisStore.increment (C:\Users\Parteek 
Dhiman\Desktop\Lumora\server\node_modules\rate-limit-redis\dist\index.mjs:197:21)
          at C:\Users\Parteek Dhiman\Desktop\Lumora\server\node_modules\express-rate-limit\dist\index.mjs:868:33
          at C:\Users\Parteek Dhiman\Desktop\Lumora\server\node_modules\express-rate-limit\dist\index.mjs:825:5

      at Object.error (node_modules/express-rate-limit/dist/index.mjs:181:13)
      at node_modules/express-rate-limit/dist/index.mjs:873:25
      at node_modules/express-rate-limit/dist/index.mjs:825:5

    console.warn
      Max retries reached. Running without cache.

    [0m [90m  8 |[39m     reconnectStrategy[33m:[39m (retries) [33m=>[39m {
     [90m  9 |[39m       [36mif[39m (retries [33m>[39m [35m3[39m) {
    [31m[1m>[22m[39m[90m 10 |[39m         console[33m.[39mwarn([32m'Max retries reached. Running without 
cache.'[39m)[33m;[39m
     [90m    |[39m                 [31m[1m^[22m[39m
     [90m 11 |[39m         [36mreturn[39m [36mnew[39m [33mError[39m([32m'Max retries reached'[39m)[33m;[39m
     [90m 12 |[39m       }
     [90m 13 |[39m       [36mreturn[39m [33mMath[39m[33m.[39mmin(retries [33m*[39m [35m100[39m[33m,[39m 
[35m3000[39m)[33m;[39m[0m

      at warn (src/shared/services/redis.service.js:10:17)
      at RedisSocket.<anonymous> (node_modules/@redis/client/lib/client/socket.ts:123:27)
      at RedisSocket.#shouldReconnect (node_modules/@redis/client/lib/client/socket.ts:209:44)
      at RedisSocket.#connect (node_modules/@redis/client/lib/client/socket.ts:278:46)
      at Class.connect (node_modules/@redis/client/lib/client/index.ts:1110:5)
      at connectRedis (src/shared/services/redis.service.js:34:5)

    console.warn
      Initial Redis connection failed.

    [0m [90m 34 |[39m     [36mawait[39m redisClient[33m.[39mconnect()[33m;[39m
     [90m 35 |[39m   } [36mcatch[39m (err) {
    [31m[1m>[22m[39m[90m 36 |[39m     console[33m.[39mwarn([32m'Initial Redis connection 
failed.'[39m)[33m;[39m
     [90m    |[39m             [31m[1m^[22m[39m
     [90m 37 |[39m   }
     [90m 38 |[39m }[33m;[39m
     [90m 39 |[39m[0m

      at warn (src/shared/services/redis.service.js:36:13)

  ΓùÅ Lumora API Integration Tests ΓÇ║ 3. Employer posts a job

    expect(received).toHaveProperty(path)

    Matcher error: received value must not be null nor undefined

    Received has value: undefined

    [0m [90m  98 |[39m
     [90m  99 |[39m     expect(res[33m.[39mstatusCode)[33m.[39mtoBe([35m201[39m)[33m;[39m
    [31m[1m>[22m[39m[90m 100 |[39m     
expect(res[33m.[39mbody[33m.[39mdata)[33m.[39mtoHaveProperty([32m'_id'[39m)[33m;[39m
     [90m     |[39m                           [31m[1m^[22m[39m
     [90m 101 |[39m     jobId [33m=[39m res[33m.[39mbody[33m.[39mdata[33m.[39m_id[33m;[39m
     [90m 102 |[39m   })[33m;[39m
     [90m 103 |[39m[0m

      at Object.toHaveProperty (src/tests/api.test.js:100:27)

  ΓùÅ Lumora API Integration Tests ΓÇ║ 5. Jobseeker applies for the job

    expect(received).toContain(expected) // indexOf

    Expected value: 404
    Received array: [201, 400]

    [0m [90m 117 |[39m         coverLetter[33m:[39m [32m'I am a great fit.'[39m
     [90m 118 |[39m       })[33m;[39m
    [31m[1m>[22m[39m[90m 119 |[39m     expect([[35m201[39m[33m,[39m 
[35m400[39m])[33m.[39mtoContain(res[33m.[39mstatusCode)[33m;[39m
     [90m     |[39m                        [31m[1m^[22m[39m
     [90m 120 |[39m   })[33m;[39m
     [90m 121 |[39m
     [90m 122 |[39m   it([32m'6. Employer fetches applications'[39m[33m,[39m [36masync[39m () [33m=>[39m 
{[0m

      at Object.toContain (src/tests/api.test.js:119:24)

  ΓùÅ Lumora API Integration Tests ΓÇ║ 6. Employer fetches applications

    expect(received).toBe(expected) // Object.is equality

    Expected: 200
    Received: 404

    [0m [90m 125 |[39m       [33m.[39m[36mset[39m([32m'Authorization'[39m[33m,[39m [32m`Bearer 
${employerToken}`[39m)
     [90m 126 |[39m       [33m.[39m[36mset[39m([32m'Cookie'[39m[33m,[39m 
[[32m`jwt=${employerToken}`[39m])[33m;[39m
    [31m[1m>[22m[39m[90m 127 |[39m     expect(res[33m.[39mstatusCode)[33m.[39mtoBe([35m200[39m)[33m;[39m
     [90m     |[39m                            [31m[1m^[22m[39m
     [90m 128 |[39m   })[33m;[39m
     [90m 129 |[39m })[33m;[39m
     [90m 130 |[39m[0m

      at Object.toBe (src/tests/api.test.js:127:28)

A worker process has failed to exit gracefully and has been force exited. This is likely caused by tests leaking due 
to improper teardown. Try running with --detectOpenHandles to find leaks. Active timers can also cause this, ensure 
that .unref() was called on them.
Test Suites: 1 failed, 1 passed, 2 total
Tests:       3 failed, 4 passed, 7 total
Snapshots:   0 total
Time:        10.525 s, estimated 12 s
Ran all test suites.
Force exiting Jest: Have you considered using `--detectOpenHandles` to detect async operations that kept running after 
all tests finished?
